// Vitest Snapshot v1, https://vitest.dev/guide/snapshot.html

exports[`App > matches snapshot 1`] = `
<DocumentFragment>
  <main
    role="main"
    style="padding: 2rem;"
  >
    <div
      class="theme-switcher"
    >
      <button
        aria-label="Toggle dark mode"
      >
        ðŸŒ™ Dark Mode
      </button>
    </div>
    <h1>
      Grid Trading Bot Dashboard
    </h1>
    <div
      class="status-container"
    >
      <div
        aria-live="assertive"
        class="status-error"
        role="alert"
        style="color: red; margin-bottom: 0.5rem;"
      />
      <div
        aria-live="polite"
        class="status-success"
        role="status"
        style="color: green; margin-bottom: 0.5rem;"
      />
    </div>
    <div
      data-testid="grid-form"
    >
      <form>
        <div>
          GridForm - Ticker: 
        </div>
        <div>
          Error: 
        </div>
        <div>
          Success: 
        </div>
        <button
          type="submit"
        >
          Submit Backtest
        </button>
        <button
          data-testid="trigger-error"
          type="button"
        >
          Trigger Error
        </button>
      </form>
    </div>
    <div
      data-testid="chart-dashboard"
    >
      ChartDashboard - Ticker: 
      <select
        data-testid="chart-ticker-select"
      >
        <option
          value="AAPL"
        >
          AAPL
        </option>
        <option
          value="MSFT"
        >
          MSFT
        </option>
        <option
          value="GOOG"
        >
          GOOG
        </option>
      </select>
    </div>
    <div
      data-testid="trade-chart"
    >
      TradeChart - 0 trades
    </div>
    <div
      style="display: flex; gap: 2rem;"
    >
      <div
        data-testid="trade-table-buy"
      >
        TradeTable (buy) - 0 trades
      </div>
      <div
        data-testid="trade-table-sell"
      >
        TradeTable (sell) - 0 trades
      </div>
    </div>
    <div
      data-testid="shares-held"
    >
      SharesHeld - 0 holdings
    </div>
    <div
      aria-live="polite"
      data-testid="hidden-error-success"
      role="status"
      style="color: green; margin-bottom: 1rem;"
    >
      <span
        style="display: none;"
      >
        [App.jsx] errorMessage: , successMessage: , performance: null
      </span>
    </div>
  </main>
</DocumentFragment>
`;
